V3 230
FL //smkn33/s10067/Projetos/VHDL/L8+B/Ejector_Board/EJECTORS_V023/COMMAND_MODULE.vhd 2012/09/21.18:01:31 P.15xf
EN work/COMMAND_MODULE 1383744280 \
      FL //smkn33/s10067/Projetos/VHDL/L8+B/Ejector_Board/EJECTORS_V023/COMMAND_MODULE.vhd \
      PB ieee/STD_LOGIC_UNSIGNED 1335251625 PB ieee/std_logic_arith 1335251623 \
      PB ieee/std_logic_1164 1335251622
AR work/COMMAND_MODULE/Behavioral 1383744281 \
      FL //smkn33/s10067/Projetos/VHDL/L8+B/Ejector_Board/EJECTORS_V023/COMMAND_MODULE.vhd \
      EN work/COMMAND_MODULE 1383744280
FL //smkn33/s10067/Projetos/VHDL/L8+B/Ejector_Board/EJECTORS_V023/COUNT_CHOPPER.vhd 2012/10/31.13:16:16 P.15xf
EN work/COUNT_CHOPPER 1383744274 \
      FL //smkn33/s10067/Projetos/VHDL/L8+B/Ejector_Board/EJECTORS_V023/COUNT_CHOPPER.vhd \
      PB ieee/std_logic_1164 1335251622 PB ieee/std_logic_arith 1335251623 \
      PB ieee/STD_LOGIC_UNSIGNED 1335251625
AR work/COUNT_CHOPPER/Behavioral 1383744275 \
      FL //smkn33/s10067/Projetos/VHDL/L8+B/Ejector_Board/EJECTORS_V023/COUNT_CHOPPER.vhd \
      EN work/COUNT_CHOPPER 1383744274
FL //smkn33/s10067/Projetos/VHDL/L8+B/Ejector_Board/EJECTORS_V023/COUNT_MEM_CONTROL.vhd 2012/10/23.11:19:26 P.15xf
EN work/COUNT_MEM_CONTROL 1383744276 \
      FL //smkn33/s10067/Projetos/VHDL/L8+B/Ejector_Board/EJECTORS_V023/COUNT_MEM_CONTROL.vhd \
      PB ieee/std_logic_1164 1335251622 PB ieee/std_logic_arith 1335251623 \
      PB ieee/STD_LOGIC_UNSIGNED 1335251625
AR work/COUNT_MEM_CONTROL/Behavioral 1383744277 \
      FL //smkn33/s10067/Projetos/VHDL/L8+B/Ejector_Board/EJECTORS_V023/COUNT_MEM_CONTROL.vhd \
      EN work/COUNT_MEM_CONTROL 1383744276 CP MEM_32x32
FL //smkn33/s10067/Projetos/VHDL/L8+B/Ejector_Board/EJECTORS_V023/DESERIALIZER.vhd 2012/10/03.10:24:34 P.15xf
EN work/DESERIALIZER 1383744308 \
      FL //smkn33/s10067/Projetos/VHDL/L8+B/Ejector_Board/EJECTORS_V023/DESERIALIZER.vhd \
      PB ieee/std_logic_1164 1335251622
AR work/DESERIALIZER/Behavioral 1383744309 \
      FL //smkn33/s10067/Projetos/VHDL/L8+B/Ejector_Board/EJECTORS_V023/DESERIALIZER.vhd \
      EN work/DESERIALIZER 1383744308 CP SERIAL_RX CP COMMAND_MODULE
FL //smkn33/s10067/Projetos/VHDL/L8+B/Ejector_Board/EJECTORS_V023/FAIL_MEM_CONTROL.vhd 2012/10/30.13:39:02 P.15xf
EN work/FAIL_MEM_CONTROL 1383744296 \
      FL //smkn33/s10067/Projetos/VHDL/L8+B/Ejector_Board/EJECTORS_V023/FAIL_MEM_CONTROL.vhd \
      PB ieee/std_logic_1164 1335251622 PB ieee/std_logic_arith 1335251623 \
      PB ieee/STD_LOGIC_UNSIGNED 1335251625
AR work/FAIL_MEM_CONTROL/Behavioral 1383744297 \
      FL //smkn33/s10067/Projetos/VHDL/L8+B/Ejector_Board/EJECTORS_V023/FAIL_MEM_CONTROL.vhd \
      EN work/FAIL_MEM_CONTROL 1383744296 CP MEM_32x32
FL //smkn33/s10067/Projetos/VHDL/L8+B/Ejector_Board/EJECTORS_V023/FREQUENCY_GEN.vhd 2012/09/20.14:37:37 P.15xf
EN work/FREQUENCY_GEN 1383744282 \
      FL //smkn33/s10067/Projetos/VHDL/L8+B/Ejector_Board/EJECTORS_V023/FREQUENCY_GEN.vhd \
      PB ieee/std_logic_arith 1335251623 PB ieee/std_logic_1164 1335251622 \
      PB ieee/STD_LOGIC_UNSIGNED 1335251625
AR work/FREQUENCY_GEN/Behavioral 1383744283 \
      FL //smkn33/s10067/Projetos/VHDL/L8+B/Ejector_Board/EJECTORS_V023/FREQUENCY_GEN.vhd \
      EN work/FREQUENCY_GEN 1383744282
FL //smkn33/s10067/Projetos/VHDL/L8+B/Ejector_Board/EJECTORS_V023/INT_TUNE_PLAYER.vhd 2012/10/02.16:30:23 P.15xf
EN work/INT_TUNE_PLAYER 1383744288 \
      FL //smkn33/s10067/Projetos/VHDL/L8+B/Ejector_Board/EJECTORS_V023/INT_TUNE_PLAYER.vhd \
      PB ieee/std_logic_1164 1335251622 PB ieee/std_logic_arith 1335251623 \
      PB ieee/STD_LOGIC_UNSIGNED 1335251625
AR work/INT_TUNE_PLAYER/Behavioral 1383744289 \
      FL //smkn33/s10067/Projetos/VHDL/L8+B/Ejector_Board/EJECTORS_V023/INT_TUNE_PLAYER.vhd \
      EN work/INT_TUNE_PLAYER 1383744288
FL //smkn33/s10067/Projetos/VHDL/L8+B/Ejector_Board/EJECTORS_V023/ipcore_dir/MEM_32x32.vhd 2012/06/28.15:16:24 P.15xf
EN work/MEM_32x32 1383744270 \
      FL //smkn33/s10067/Projetos/VHDL/L8+B/Ejector_Board/EJECTORS_V023/ipcore_dir/MEM_32x32.vhd \
      PB ieee/std_logic_1164 1335251622
AR work/MEM_32x32/MEM_32x32_a 1383744271 \
      FL //smkn33/s10067/Projetos/VHDL/L8+B/Ejector_Board/EJECTORS_V023/ipcore_dir/MEM_32x32.vhd \
      EN work/MEM_32x32 1383744270
FL //smkn33/s10067/Projetos/VHDL/L8+B/Ejector_Board/EJECTORS_V023/ipcore_dir/MEM_512x64.vhd 2012/09/20.09:39:21 P.15xf
EN work/MEM_512x64 1383744272 \
      FL //smkn33/s10067/Projetos/VHDL/L8+B/Ejector_Board/EJECTORS_V023/ipcore_dir/MEM_512x64.vhd \
      PB ieee/std_logic_1164 1335251622
AR work/MEM_512x64/MEM_512x64_a 1383744273 \
      FL //smkn33/s10067/Projetos/VHDL/L8+B/Ejector_Board/EJECTORS_V023/ipcore_dir/MEM_512x64.vhd \
      EN work/MEM_512x64 1383744272
FL //smkn33/s10067/Projetos/VHDL/L8+B/Ejector_Board/EJECTORS_V023/LED_ENCODER.vhd 2012/06/29.11:44:00 P.15xf
EN work/LED_ENCODER 1383744302 \
      FL //smkn33/s10067/Projetos/VHDL/L8+B/Ejector_Board/EJECTORS_V023/LED_ENCODER.vhd \
      PB ieee/std_logic_1164 1335251622 PB ieee/std_logic_arith 1335251623 \
      PB ieee/STD_LOGIC_UNSIGNED 1335251625
AR work/LED_ENCODER/Behavioral 1383744303 \
      FL //smkn33/s10067/Projetos/VHDL/L8+B/Ejector_Board/EJECTORS_V023/LED_ENCODER.vhd \
      EN work/LED_ENCODER 1383744302
FL //smkn33/s10067/Projetos/VHDL/L8+B/Ejector_Board/EJECTORS_V023/MAIN_VHDL.vhd 2013/11/06.11:24:25 P.15xf
EN work/MAIN_VHDL 1383744312 \
      FL //smkn33/s10067/Projetos/VHDL/L8+B/Ejector_Board/EJECTORS_V023/MAIN_VHDL.vhd \
      PB ieee/std_logic_1164 1335251622 PB ieee/NUMERIC_STD 1335251627 \
      PB ieee/std_logic_arith 1335251623 PB ieee/STD_LOGIC_UNSIGNED 1335251625 \
      LB UNISIM PH unisim/VCOMPONENTS 1335251629
AR work/MAIN_VHDL/Behavioral 1383744313 \
      FL //smkn33/s10067/Projetos/VHDL/L8+B/Ejector_Board/EJECTORS_V023/MAIN_VHDL.vhd \
      EN work/MAIN_VHDL 1383744312 CP DCM CP BUFG CP MANUAL_TEJET \
      CP WRAPPER_VALVE_FAIL CP LED_ENCODER CP STATUS_SENDER CP TUNE_PLAYER \
      CP DESERIALIZER CP WRAPPER_COUNTER
FL //smkn33/s10067/Projetos/VHDL/L8+B/Ejector_Board/EJECTORS_V023/MANUAL_TEJET.vhd 2013/11/06.10:32:35 P.15xf
EN work/MANUAL_TEJET 1383744298 \
      FL //smkn33/s10067/Projetos/VHDL/L8+B/Ejector_Board/EJECTORS_V023/MANUAL_TEJET.vhd \
      PB ieee/std_logic_1164 1335251622 PB ieee/NUMERIC_STD 1335251627 \
      PB ieee/std_logic_arith 1335251623 PB ieee/STD_LOGIC_UNSIGNED 1335251625
AR work/MANUAL_TEJET/Behavioral 1383744299 \
      FL //smkn33/s10067/Projetos/VHDL/L8+B/Ejector_Board/EJECTORS_V023/MANUAL_TEJET.vhd \
      EN work/MANUAL_TEJET 1383744298
FL //smkn33/s10067/Projetos/VHDL/L8+B/Ejector_Board/EJECTORS_V023/SEND_SERIAL_DATA.vhd 2012/10/05.11:37:29 P.15xf
EN work/SEND_SERIAL_DATA 1383744292 \
      FL //smkn33/s10067/Projetos/VHDL/L8+B/Ejector_Board/EJECTORS_V023/SEND_SERIAL_DATA.vhd \
      PB ieee/std_logic_1164 1335251622
AR work/SEND_SERIAL_DATA/Behavioral 1383744293 \
      FL //smkn33/s10067/Projetos/VHDL/L8+B/Ejector_Board/EJECTORS_V023/SEND_SERIAL_DATA.vhd \
      EN work/SEND_SERIAL_DATA 1383744292
FL //smkn33/s10067/Projetos/VHDL/L8+B/Ejector_Board/EJECTORS_V023/SERIAL_RX.vhd 2012/09/21.16:24:30 P.15xf
EN work/SERIAL_RX 1383744278 \
      FL //smkn33/s10067/Projetos/VHDL/L8+B/Ejector_Board/EJECTORS_V023/SERIAL_RX.vhd \
      PB ieee/std_logic_1164 1335251622
AR work/SERIAL_RX/Behavioral 1383744279 \
      FL //smkn33/s10067/Projetos/VHDL/L8+B/Ejector_Board/EJECTORS_V023/SERIAL_RX.vhd \
      EN work/SERIAL_RX 1383744278
FL //smkn33/s10067/Projetos/VHDL/L8+B/Ejector_Board/EJECTORS_V023/SERIAL_TX.vhd 2012/08/10.16:16:00 P.15xf
EN work/SERIAL_TX 1383744290 \
      FL //smkn33/s10067/Projetos/VHDL/L8+B/Ejector_Board/EJECTORS_V023/SERIAL_TX.vhd \
      PB ieee/std_logic_1164 1335251622 PB ieee/std_logic_arith 1335251623 \
      PB ieee/STD_LOGIC_UNSIGNED 1335251625
AR work/SERIAL_TX/Behavioral 1383744291 \
      FL //smkn33/s10067/Projetos/VHDL/L8+B/Ejector_Board/EJECTORS_V023/SERIAL_TX.vhd \
      EN work/SERIAL_TX 1383744290
FL //smkn33/s10067/Projetos/VHDL/L8+B/Ejector_Board/EJECTORS_V023/STATUS_SEND_TEST.vhd 2012/08/15.10:13:28 P.15xf
EN work/STATUS_SENDER 1383744304 \
      FL //smkn33/s10067/Projetos/VHDL/L8+B/Ejector_Board/EJECTORS_V023/STATUS_SEND_TEST.vhd \
      PB ieee/std_logic_1164 1335251622 PB ieee/std_logic_arith 1335251623 \
      PB ieee/STD_LOGIC_UNSIGNED 1335251625
AR work/STATUS_SENDER/Behavioral 1383744305 \
      FL //smkn33/s10067/Projetos/VHDL/L8+B/Ejector_Board/EJECTORS_V023/STATUS_SEND_TEST.vhd \
      EN work/STATUS_SENDER 1383744304 CP SERIAL_TX CP SEND_SERIAL_DATA
FL //smkn33/s10067/Projetos/VHDL/L8+B/Ejector_Board/EJECTORS_V023/TUNE_CONTROL.vhd 2012/09/20.18:03:41 P.15xf
EN work/TUNE_CONTROL 1383744284 \
      FL //smkn33/s10067/Projetos/VHDL/L8+B/Ejector_Board/EJECTORS_V023/TUNE_CONTROL.vhd \
      PB ieee/std_logic_1164 1335251622 PB ieee/std_logic_arith 1335251623 \
      PB ieee/STD_LOGIC_UNSIGNED 1335251625
AR work/TUNE_CONTROL/Behavioral 1383744285 \
      FL //smkn33/s10067/Projetos/VHDL/L8+B/Ejector_Board/EJECTORS_V023/TUNE_CONTROL.vhd \
      EN work/TUNE_CONTROL 1383744284
FL //smkn33/s10067/Projetos/VHDL/L8+B/Ejector_Board/EJECTORS_V023/TUNE_MEM_CONTROL.vhd 2012/09/20.18:02:49 P.15xf
EN work/TUNE_MEM_CONTROL 1383744286 \
      FL //smkn33/s10067/Projetos/VHDL/L8+B/Ejector_Board/EJECTORS_V023/TUNE_MEM_CONTROL.vhd \
      PB ieee/std_logic_1164 1335251622
AR work/TUNE_MEM_CONTROL/Behavioral 1383744287 \
      FL //smkn33/s10067/Projetos/VHDL/L8+B/Ejector_Board/EJECTORS_V023/TUNE_MEM_CONTROL.vhd \
      EN work/TUNE_MEM_CONTROL 1383744286 CP MEM_512x64
FL //smkn33/s10067/Projetos/VHDL/L8+B/Ejector_Board/EJECTORS_V023/TUNE_PLAYER.vhd 2012/10/03.12:41:33 P.15xf
EN work/TUNE_PLAYER 1383744306 \
      FL //smkn33/s10067/Projetos/VHDL/L8+B/Ejector_Board/EJECTORS_V023/TUNE_PLAYER.vhd \
      PB ieee/std_logic_1164 1335251622 PB ieee/std_logic_arith 1335251623 \
      PB ieee/STD_LOGIC_UNSIGNED 1335251625
AR work/TUNE_PLAYER/Behavioral 1383744307 \
      FL //smkn33/s10067/Projetos/VHDL/L8+B/Ejector_Board/EJECTORS_V023/TUNE_PLAYER.vhd \
      EN work/TUNE_PLAYER 1383744306 CP FREQUENCY_GEN CP TUNE_CONTROL \
      CP TUNE_MEM_CONTROL CP INT_TUNE_PLAYER
FL //smkn33/s10067/Projetos/VHDL/L8+B/Ejector_Board/EJECTORS_V023/VALVE_FAIL.vhd 2012/10/30.13:43:49 P.15xf
EN work/VALVE_FAIL 1383744294 \
      FL //smkn33/s10067/Projetos/VHDL/L8+B/Ejector_Board/EJECTORS_V023/VALVE_FAIL.vhd \
      PB ieee/std_logic_1164 1335251622 PB ieee/std_logic_arith 1335251623 \
      PB ieee/STD_LOGIC_UNSIGNED 1335251625
AR work/VALVE_FAIL/Behavioral 1383744295 \
      FL //smkn33/s10067/Projetos/VHDL/L8+B/Ejector_Board/EJECTORS_V023/VALVE_FAIL.vhd \
      EN work/VALVE_FAIL 1383744294
FL //smkn33/s10067/Projetos/VHDL/L8+B/Ejector_Board/EJECTORS_V023/WRAPPER_COUNTER.vhd 2012/10/23.11:24:49 P.15xf
EN work/WRAPPER_COUNTER 1383744310 \
      FL //smkn33/s10067/Projetos/VHDL/L8+B/Ejector_Board/EJECTORS_V023/WRAPPER_COUNTER.vhd \
      PB ieee/std_logic_1164 1335251622
AR work/WRAPPER_COUNTER/Behavioral 1383744311 \
      FL //smkn33/s10067/Projetos/VHDL/L8+B/Ejector_Board/EJECTORS_V023/WRAPPER_COUNTER.vhd \
      EN work/WRAPPER_COUNTER 1383744310 CP COUNT_CHOPPER CP COUNT_MEM_CONTROL
FL //smkn33/s10067/Projetos/VHDL/L8+B/Ejector_Board/EJECTORS_V023/WRAPPER_VALVE_FAIL.vhd 2012/10/30.13:44:33 P.15xf
EN work/WRAPPER_VALVE_FAIL 1383744300 \
      FL //smkn33/s10067/Projetos/VHDL/L8+B/Ejector_Board/EJECTORS_V023/WRAPPER_VALVE_FAIL.vhd \
      PB ieee/std_logic_1164 1335251622
AR work/WRAPPER_VALVE_FAIL/Behavioral 1383744301 \
      FL //smkn33/s10067/Projetos/VHDL/L8+B/Ejector_Board/EJECTORS_V023/WRAPPER_VALVE_FAIL.vhd \
      EN work/WRAPPER_VALVE_FAIL 1383744300 CP VALVE_FAIL CP FAIL_MEM_CONTROL
FL //smkn33/s10067/Projetos/VHDL/L8/Ejector_Board/EJECTORS_V022/COMMAND_MODULE.vhd 2012/09/21.17:01:31 P.15xf
FL //smkn33/s10067/Projetos/VHDL/L8/Ejector_Board/EJECTORS_V022/COUNT_CHOPPER.vhd 2012/10/31.12:16:16 P.15xf
FL //smkn33/s10067/Projetos/VHDL/L8/Ejector_Board/EJECTORS_V022/COUNT_MEM_CONTROL.vhd 2012/10/23.10:19:26 P.15xf
FL //smkn33/s10067/Projetos/VHDL/L8/Ejector_Board/EJECTORS_V022/DESERIALIZER.vhd 2012/10/03.09:24:34 P.15xf
FL //smkn33/s10067/Projetos/VHDL/L8/Ejector_Board/EJECTORS_V022/FAIL_MEM_CONTROL.vhd 2012/10/30.12:39:02 P.15xf
FL //smkn33/s10067/Projetos/VHDL/L8/Ejector_Board/EJECTORS_V022/FREQUENCY_GEN.vhd 2012/09/20.13:37:37 P.15xf
FL //smkn33/s10067/Projetos/VHDL/L8/Ejector_Board/EJECTORS_V022/INT_TUNE_PLAYER.vhd 2012/10/02.15:30:23 P.15xf
FL //smkn33/s10067/Projetos/VHDL/L8/Ejector_Board/EJECTORS_V022/ipcore_dir/MEM_32x32.vhd 2012/06/28.14:16:24 P.15xf
FL //smkn33/s10067/Projetos/VHDL/L8/Ejector_Board/EJECTORS_V022/ipcore_dir/MEM_512x64.vhd 2012/09/20.08:39:21 P.15xf
FL //smkn33/s10067/Projetos/VHDL/L8/Ejector_Board/EJECTORS_V022/LED_ENCODER.vhd 2012/06/29.10:44:00 P.15xf
FL //smkn33/s10067/Projetos/VHDL/L8/Ejector_Board/EJECTORS_V022/MAIN_VHDL.vhd 2013/07/08.15:32:26 P.15xf
FL //smkn33/s10067/Projetos/VHDL/L8/Ejector_Board/EJECTORS_V022/MANUAL_TEJET.vhd 2013/07/08.16:58:55 P.15xf
FL //smkn33/s10067/Projetos/VHDL/L8/Ejector_Board/EJECTORS_V022/SEND_SERIAL_DATA.vhd 2012/10/05.10:37:29 P.15xf
FL //smkn33/s10067/Projetos/VHDL/L8/Ejector_Board/EJECTORS_V022/SERIAL_RX.vhd 2012/09/21.15:24:30 P.15xf
FL //smkn33/s10067/Projetos/VHDL/L8/Ejector_Board/EJECTORS_V022/SERIAL_TX.vhd 2012/08/10.15:16:00 P.15xf
FL //smkn33/s10067/Projetos/VHDL/L8/Ejector_Board/EJECTORS_V022/STATUS_SEND_TEST.vhd 2012/08/15.09:13:28 P.15xf
FL //smkn33/s10067/Projetos/VHDL/L8/Ejector_Board/EJECTORS_V022/TUNE_CONTROL.vhd 2012/09/20.17:03:41 P.15xf
FL //smkn33/s10067/Projetos/VHDL/L8/Ejector_Board/EJECTORS_V022/TUNE_MEM_CONTROL.vhd 2012/09/20.17:02:49 P.15xf
FL //smkn33/s10067/Projetos/VHDL/L8/Ejector_Board/EJECTORS_V022/TUNE_PLAYER.vhd 2012/10/03.11:41:33 P.15xf
FL //smkn33/s10067/Projetos/VHDL/L8/Ejector_Board/EJECTORS_V022/VALVE_FAIL.vhd 2012/10/30.12:43:49 P.15xf
FL //smkn33/s10067/Projetos/VHDL/L8/Ejector_Board/EJECTORS_V022/WRAPPER_COUNTER.vhd 2012/10/23.10:24:49 P.15xf
FL //smkn33/s10067/Projetos/VHDL/L8/Ejector_Board/EJECTORS_V022/WRAPPER_VALVE_FAIL.vhd 2012/10/30.12:44:33 P.15xf
FL C:/SANMAK_DESIGNS/FPGA/Ejector_Board/EJECTORS_V010/FAIL_MEM_CONTROL.vhd 2012/06/25.15:17:10 P.15xf
FL C:/SANMAK_DESIGNS/FPGA/Ejector_Board/EJECTORS_V010/ipcore_dir/MEM_32x16.vhd 2012/06/28.09:31:48 P.15xf
FL C:/SANMAK_DESIGNS/FPGA/Ejector_Board/EJECTORS_V010/LED_ENCODER.vhd 2012/06/29.10:44:00 P.15xf
FL C:/SANMAK_DESIGNS/FPGA/Ejector_Board/EJECTORS_V010/MAIN_VHDL.vhd 2012/09/14.17:39:43 P.15xf
FL C:/SANMAK_DESIGNS/FPGA/Ejector_Board/EJECTORS_V010/MANUAL_TEJET.vhd 2012/06/29.11:04:08 P.15xf
FL C:/SANMAK_DESIGNS/FPGA/Ejector_Board/EJECTORS_V010/SEND_SERIAL_DATA.vhd 2012/08/15.09:13:17 P.15xf
FL C:/SANMAK_DESIGNS/FPGA/Ejector_Board/EJECTORS_V010/SERIAL_TX.vhd 2012/08/10.15:16:00 P.15xf
FL C:/SANMAK_DESIGNS/FPGA/Ejector_Board/EJECTORS_V010/STATUS_SEND_TEST.vhd 2012/08/15.09:13:26 P.15xf
FL C:/SANMAK_DESIGNS/FPGA/Ejector_Board/EJECTORS_V010/VALVE_FAIL.vhd 2012/06/25.16:11:20 P.15xf
FL C:/SANMAK_DESIGNS/FPGA/Ejector_Board/EJECTORS_V010/WRAPPER_VALVE_FAIL.vhd 2012/06/25.15:55:32 P.15xf
FL C:/SANMAK_DESIGNS/FPGA/Ejector_Board/EJECTORS_V07/FAIL_MEM_CONTROL.vhd 2012/06/25.15:17:10 P.15xf
FL C:/SANMAK_DESIGNS/FPGA/Ejector_Board/EJECTORS_V07/ipcore_dir/MEM_32x16.vhd 2012/06/28.09:31:48 P.15xf
FL C:/SANMAK_DESIGNS/FPGA/Ejector_Board/EJECTORS_V07/LED_ENCODER.vhd 2012/06/29.10:44:00 P.15xf
FL C:/SANMAK_DESIGNS/FPGA/Ejector_Board/EJECTORS_V07/MAIN_VHDL.vhd 2012/07/03.11:53:30 P.15xf
FL C:/SANMAK_DESIGNS/FPGA/Ejector_Board/EJECTORS_V07/MANUAL_TEJET.vhd 2012/06/29.11:04:08 P.15xf
FL C:/SANMAK_DESIGNS/FPGA/Ejector_Board/EJECTORS_V07/VALVE_FAIL.vhd 2012/06/25.16:11:20 P.15xf
FL C:/SANMAK_DESIGNS/FPGA/Ejector_Board/EJECTORS_V07/WRAPPER_VALVE_FAIL.vhd 2012/06/25.15:55:32 P.15xf
FL C:/SANMAK_DESIGNS/FPGA/Ejector_Board/EJECTORS_V09/FAIL_MEM_CONTROL.vhd 2012/06/25.15:17:10 P.15xf
FL C:/SANMAK_DESIGNS/FPGA/Ejector_Board/EJECTORS_V09/ipcore_dir/MEM_32x16.vhd 2012/06/28.09:31:48 P.15xf
FL C:/SANMAK_DESIGNS/FPGA/Ejector_Board/EJECTORS_V09/LED_ENCODER.vhd 2012/06/29.10:44:00 P.15xf
FL C:/SANMAK_DESIGNS/FPGA/Ejector_Board/EJECTORS_V09/MAIN_VHDL.vhd 2012/08/20.18:36:19 P.15xf
FL C:/SANMAK_DESIGNS/FPGA/Ejector_Board/EJECTORS_V09/MANUAL_TEJET.vhd 2012/06/29.11:04:08 P.15xf
FL C:/SANMAK_DESIGNS/FPGA/Ejector_Board/EJECTORS_V09/VALVE_FAIL.vhd 2012/06/25.16:11:20 P.15xf
FL C:/SANMAK_DESIGNS/FPGA/Ejector_Board/EJECTORS_V09/WRAPPER_VALVE_FAIL.vhd 2012/06/25.15:55:32 P.15xf
FL D:/Projetos/VHDL/L8/Ejector_Board/EJECTORS_V015/COMMAND_MODULE.vhd 2012/09/21.17:01:31 P.15xf
FL D:/Projetos/VHDL/L8/Ejector_Board/EJECTORS_V015/DESERIALIZER.vhd 2012/10/03.09:24:34 P.15xf
FL D:/Projetos/VHDL/L8/Ejector_Board/EJECTORS_V015/FAIL_MEM_CONTROL.vhd 2012/06/25.15:17:10 P.15xf
FL D:/Projetos/VHDL/L8/Ejector_Board/EJECTORS_V015/FREQUENCY_GEN.vhd 2012/09/20.13:37:37 P.15xf
FL D:/Projetos/VHDL/L8/Ejector_Board/EJECTORS_V015/INT_TUNE_PLAYER.vhd 2012/10/02.15:30:23 P.15xf
FL D:/Projetos/VHDL/L8/Ejector_Board/EJECTORS_V015/ipcore_dir/MEM_32x16.vhd 2012/06/28.09:31:48 P.15xf
FL D:/Projetos/VHDL/L8/Ejector_Board/EJECTORS_V015/ipcore_dir/MEM_512x64.vhd 2012/09/20.08:39:21 P.15xf
FL D:/Projetos/VHDL/L8/Ejector_Board/EJECTORS_V015/LED_ENCODER.vhd 2012/06/29.10:44:00 P.15xf
FL D:/Projetos/VHDL/L8/Ejector_Board/EJECTORS_V015/MAIN_VHDL.vhd 2012/10/08.09:46:04 P.15xf
FL D:/Projetos/VHDL/L8/Ejector_Board/EJECTORS_V015/MANUAL_TEJET.vhd 2012/06/29.11:04:08 P.15xf
FL D:/Projetos/VHDL/L8/Ejector_Board/EJECTORS_V015/SEND_SERIAL_DATA.vhd 2012/10/05.10:37:29 P.15xf
FL D:/Projetos/VHDL/L8/Ejector_Board/EJECTORS_V015/SERIAL_RX.vhd 2012/09/21.15:24:30 P.15xf
FL D:/Projetos/VHDL/L8/Ejector_Board/EJECTORS_V015/SERIAL_TX.vhd 2012/08/10.15:16:00 P.15xf
FL D:/Projetos/VHDL/L8/Ejector_Board/EJECTORS_V015/STATUS_SEND_TEST.vhd 2012/08/15.09:13:28 P.15xf
FL D:/Projetos/VHDL/L8/Ejector_Board/EJECTORS_V015/TUNE_CONTROL.vhd 2012/09/20.17:03:41 P.15xf
FL D:/Projetos/VHDL/L8/Ejector_Board/EJECTORS_V015/TUNE_MEM_CONTROL.vhd 2012/09/20.17:02:49 P.15xf
FL D:/Projetos/VHDL/L8/Ejector_Board/EJECTORS_V015/TUNE_PLAYER.vhd 2012/10/03.11:41:33 P.15xf
FL D:/Projetos/VHDL/L8/Ejector_Board/EJECTORS_V015/VALVE_FAIL.vhd 2012/06/25.16:11:20 P.15xf
FL D:/Projetos/VHDL/L8/Ejector_Board/EJECTORS_V015/WRAPPER_VALVE_FAIL.vhd 2012/06/25.15:55:32 P.15xf
FL D:/Projetos/VHDL/L8/Ejector_Board/EJECTORS_V016/COMMAND_MODULE.vhd 2012/09/21.18:01:31 P.15xf
FL D:/Projetos/VHDL/L8/Ejector_Board/EJECTORS_V016/COUNT_CHOPPER.vhd 2012/10/23.11:44:25 P.15xf
FL D:/Projetos/VHDL/L8/Ejector_Board/EJECTORS_V016/COUNT_MEM_CONTROL.vhd 2012/10/23.11:19:26 P.15xf
FL D:/Projetos/VHDL/L8/Ejector_Board/EJECTORS_V016/DESERIALIZER.vhd 2012/10/03.10:24:34 P.15xf
FL D:/Projetos/VHDL/L8/Ejector_Board/EJECTORS_V016/FAIL_MEM_CONTROL.vhd 2012/10/24.13:32:35 P.15xf
FL D:/Projetos/VHDL/L8/Ejector_Board/EJECTORS_V016/FREQUENCY_GEN.vhd 2012/09/20.14:37:37 P.15xf
FL D:/Projetos/VHDL/L8/Ejector_Board/EJECTORS_V016/INT_TUNE_PLAYER.vhd 2012/10/02.16:30:23 P.15xf
FL D:/Projetos/VHDL/L8/Ejector_Board/EJECTORS_V016/ipcore_dir/MEM_32x16.vhd 2012/06/28.10:31:48 P.15xf
EN work/MEM_32x16 1351012314 \
      FL D:/Projetos/VHDL/L8/Ejector_Board/EJECTORS_V016/ipcore_dir/MEM_32x16.vhd \
      PB ieee/std_logic_1164 1335251622
AR work/MEM_32x16/MEM_32x16_a 1351012315 \
      FL D:/Projetos/VHDL/L8/Ejector_Board/EJECTORS_V016/ipcore_dir/MEM_32x16.vhd \
      EN work/MEM_32x16 1351012314
FL D:/Projetos/VHDL/L8/Ejector_Board/EJECTORS_V016/ipcore_dir/MEM_32x32.vhd 2012/06/28.15:16:24 P.15xf
FL D:/Projetos/VHDL/L8/Ejector_Board/EJECTORS_V016/ipcore_dir/MEM_512x64.vhd 2012/09/20.09:39:21 P.15xf
FL D:/Projetos/VHDL/L8/Ejector_Board/EJECTORS_V016/LED_ENCODER.vhd 2012/06/29.11:44:00 P.15xf
FL D:/Projetos/VHDL/L8/Ejector_Board/EJECTORS_V016/MAIN_VHDL.vhd 2012/10/23.15:11:46 P.15xf
FL D:/Projetos/VHDL/L8/Ejector_Board/EJECTORS_V016/MANUAL_TEJET.vhd 2012/06/29.12:04:08 P.15xf
FL D:/Projetos/VHDL/L8/Ejector_Board/EJECTORS_V016/SEND_SERIAL_DATA.vhd 2012/10/05.11:37:29 P.15xf
FL D:/Projetos/VHDL/L8/Ejector_Board/EJECTORS_V016/SERIAL_RX.vhd 2012/09/21.16:24:30 P.15xf
FL D:/Projetos/VHDL/L8/Ejector_Board/EJECTORS_V016/SERIAL_TX.vhd 2012/08/10.16:16:00 P.15xf
FL D:/Projetos/VHDL/L8/Ejector_Board/EJECTORS_V016/STATUS_SEND_TEST.vhd 2012/08/15.10:13:28 P.15xf
FL D:/Projetos/VHDL/L8/Ejector_Board/EJECTORS_V016/TUNE_CONTROL.vhd 2012/09/20.18:03:41 P.15xf
FL D:/Projetos/VHDL/L8/Ejector_Board/EJECTORS_V016/TUNE_MEM_CONTROL.vhd 2012/09/20.18:02:49 P.15xf
FL D:/Projetos/VHDL/L8/Ejector_Board/EJECTORS_V016/TUNE_PLAYER.vhd 2012/10/03.12:41:33 P.15xf
FL D:/Projetos/VHDL/L8/Ejector_Board/EJECTORS_V016/VALVE_FAIL.vhd 2012/10/24.15:13:17 P.15xf
FL D:/Projetos/VHDL/L8/Ejector_Board/EJECTORS_V016/WRAPPER_COUNTER.vhd 2012/10/23.11:24:49 P.15xf
FL D:/Projetos/VHDL/L8/Ejector_Board/EJECTORS_V016/WRAPPER_VALVE_FAIL.vhd 2012/10/24.14:27:35 P.15xf
FL D:/Projetos/VHDL/L8/Ejector_Board/EJECTORS_V017/COMMAND_MODULE.vhd 2012/09/21.18:01:31 P.15xf
FL D:/Projetos/VHDL/L8/Ejector_Board/EJECTORS_V017/COUNT_CHOPPER.vhd 2012/10/23.11:44:25 P.15xf
FL D:/Projetos/VHDL/L8/Ejector_Board/EJECTORS_V017/COUNT_MEM_CONTROL.vhd 2012/10/23.11:19:26 P.15xf
FL D:/Projetos/VHDL/L8/Ejector_Board/EJECTORS_V017/DESERIALIZER.vhd 2012/10/03.10:24:34 P.15xf
FL D:/Projetos/VHDL/L8/Ejector_Board/EJECTORS_V017/FAIL_MEM_CONTROL.vhd 2012/10/24.13:32:35 P.15xf
FL D:/Projetos/VHDL/L8/Ejector_Board/EJECTORS_V017/FREQUENCY_GEN.vhd 2012/09/20.14:37:37 P.15xf
FL D:/Projetos/VHDL/L8/Ejector_Board/EJECTORS_V017/INT_TUNE_PLAYER.vhd 2012/10/02.16:30:23 P.15xf
FL D:/Projetos/VHDL/L8/Ejector_Board/EJECTORS_V017/ipcore_dir/MEM_32x32.vhd 2012/06/28.15:16:24 P.15xf
FL D:/Projetos/VHDL/L8/Ejector_Board/EJECTORS_V017/ipcore_dir/MEM_512x64.vhd 2012/09/20.09:39:21 P.15xf
FL D:/Projetos/VHDL/L8/Ejector_Board/EJECTORS_V017/LED_ENCODER.vhd 2012/06/29.11:44:00 P.15xf
FL D:/Projetos/VHDL/L8/Ejector_Board/EJECTORS_V017/MAIN_VHDL.vhd 2012/10/29.15:51:16 P.15xf
FL D:/Projetos/VHDL/L8/Ejector_Board/EJECTORS_V017/MANUAL_TEJET.vhd 2012/06/29.12:04:08 P.15xf
FL D:/Projetos/VHDL/L8/Ejector_Board/EJECTORS_V017/SEND_SERIAL_DATA.vhd 2012/10/05.11:37:29 P.15xf
FL D:/Projetos/VHDL/L8/Ejector_Board/EJECTORS_V017/SERIAL_RX.vhd 2012/09/21.16:24:30 P.15xf
FL D:/Projetos/VHDL/L8/Ejector_Board/EJECTORS_V017/SERIAL_TX.vhd 2012/08/10.16:16:00 P.15xf
FL D:/Projetos/VHDL/L8/Ejector_Board/EJECTORS_V017/STATUS_SEND_TEST.vhd 2012/08/15.10:13:28 P.15xf
FL D:/Projetos/VHDL/L8/Ejector_Board/EJECTORS_V017/TUNE_CONTROL.vhd 2012/09/20.18:03:41 P.15xf
FL D:/Projetos/VHDL/L8/Ejector_Board/EJECTORS_V017/TUNE_MEM_CONTROL.vhd 2012/09/20.18:02:49 P.15xf
FL D:/Projetos/VHDL/L8/Ejector_Board/EJECTORS_V017/TUNE_PLAYER.vhd 2012/10/03.12:41:33 P.15xf
FL D:/Projetos/VHDL/L8/Ejector_Board/EJECTORS_V017/VALVE_FAIL.vhd 2012/10/29.15:56:32 P.15xf
FL D:/Projetos/VHDL/L8/Ejector_Board/EJECTORS_V017/WRAPPER_COUNTER.vhd 2012/10/23.11:24:49 P.15xf
FL D:/Projetos/VHDL/L8/Ejector_Board/EJECTORS_V017/WRAPPER_VALVE_FAIL.vhd 2012/10/29.15:50:32 P.15xf
FL D:/Projetos/VHDL/L8/Ejector_Board/EJECTORS_V021/COMMAND_MODULE.vhd 2012/09/21.18:01:31 P.15xf
FL D:/Projetos/VHDL/L8/Ejector_Board/EJECTORS_V021/COUNT_CHOPPER.vhd 2012/10/31.13:16:16 P.15xf
FL D:/Projetos/VHDL/L8/Ejector_Board/EJECTORS_V021/COUNT_MEM_CONTROL.vhd 2012/10/23.11:19:26 P.15xf
FL D:/Projetos/VHDL/L8/Ejector_Board/EJECTORS_V021/DESERIALIZER.vhd 2012/10/03.10:24:34 P.15xf
FL D:/Projetos/VHDL/L8/Ejector_Board/EJECTORS_V021/FAIL_MEM_CONTROL.vhd 2012/10/30.13:39:02 P.15xf
FL D:/Projetos/VHDL/L8/Ejector_Board/EJECTORS_V021/FREQUENCY_GEN.vhd 2012/09/20.14:37:37 P.15xf
FL D:/Projetos/VHDL/L8/Ejector_Board/EJECTORS_V021/INT_TUNE_PLAYER.vhd 2012/10/02.16:30:23 P.15xf
FL D:/Projetos/VHDL/L8/Ejector_Board/EJECTORS_V021/ipcore_dir/MEM_32x32.vhd 2012/06/28.15:16:24 P.15xf
FL D:/Projetos/VHDL/L8/Ejector_Board/EJECTORS_V021/ipcore_dir/MEM_512x64.vhd 2012/09/20.09:39:21 P.15xf
FL D:/Projetos/VHDL/L8/Ejector_Board/EJECTORS_V021/LED_ENCODER.vhd 2012/06/29.11:44:00 P.15xf
FL D:/Projetos/VHDL/L8/Ejector_Board/EJECTORS_V021/MAIN_VHDL.vhd 2012/10/30.13:28:09 P.15xf
FL D:/Projetos/VHDL/L8/Ejector_Board/EJECTORS_V021/MANUAL_TEJET.vhd 2012/06/29.12:04:08 P.15xf
FL D:/Projetos/VHDL/L8/Ejector_Board/EJECTORS_V021/SEND_SERIAL_DATA.vhd 2012/10/05.11:37:29 P.15xf
FL D:/Projetos/VHDL/L8/Ejector_Board/EJECTORS_V021/SERIAL_RX.vhd 2012/09/21.16:24:30 P.15xf
FL D:/Projetos/VHDL/L8/Ejector_Board/EJECTORS_V021/SERIAL_TX.vhd 2012/08/10.16:16:00 P.15xf
FL D:/Projetos/VHDL/L8/Ejector_Board/EJECTORS_V021/STATUS_SEND_TEST.vhd 2012/08/15.10:13:28 P.15xf
FL D:/Projetos/VHDL/L8/Ejector_Board/EJECTORS_V021/TUNE_CONTROL.vhd 2012/09/20.18:03:41 P.15xf
FL D:/Projetos/VHDL/L8/Ejector_Board/EJECTORS_V021/TUNE_MEM_CONTROL.vhd 2012/09/20.18:02:49 P.15xf
FL D:/Projetos/VHDL/L8/Ejector_Board/EJECTORS_V021/TUNE_PLAYER.vhd 2012/10/03.12:41:33 P.15xf
FL D:/Projetos/VHDL/L8/Ejector_Board/EJECTORS_V021/VALVE_FAIL.vhd 2012/10/30.13:43:49 P.15xf
FL D:/Projetos/VHDL/L8/Ejector_Board/EJECTORS_V021/WRAPPER_COUNTER.vhd 2012/10/23.11:24:49 P.15xf
FL D:/Projetos/VHDL/L8/Ejector_Board/EJECTORS_V021/WRAPPER_VALVE_FAIL.vhd 2012/10/30.13:44:33 P.15xf
FL D:/Projetos/VHDL/L8/Ejector_Board/EJECTORS_V06/FAIL_MEM_CONTROL.vhd 2012/06/25.15:17:09 P.15xf
FL D:/Projetos/VHDL/L8/Ejector_Board/EJECTORS_V06/ipcore_dir/MEM_32x16.vhd 2012/06/28.09:31:46 P.15xf
FL D:/Projetos/VHDL/L8/Ejector_Board/EJECTORS_V06/MAIN_VHDL.vhd 2012/06/28.09:54:25 P.15xf
FL D:/Projetos/VHDL/L8/Ejector_Board/EJECTORS_V06/MANUAL_TEJET.vhd 2012/04/16.13:29:24 P.15xf
FL D:/Projetos/VHDL/L8/Ejector_Board/EJECTORS_V06/VALVE_FAIL.vhd 2012/06/25.16:11:19 P.15xf
FL D:/Projetos/VHDL/L8/Ejector_Board/EJECTORS_V06/WRAPPER_VALVE_FAIL.vhd 2012/06/25.15:55:30 P.15xf
