AR fail_mem_control behavioral //smkn33/s10067/Projetos/VHDL/L8/Ejector_Board/EJECTORS_V022/FAIL_MEM_CONTROL.vhd sub00/vhpl05 1395839695
AR tune_mem_control behavioral //smkn33/s10067/Projetos/VHDL/L8/Ejector_Board/EJECTORS_V022/TUNE_MEM_CONTROL.vhd sub00/vhpl31 1395839685
EN frequency_gen NULL //smkn33/s10067/Projetos/VHDL/L8/Ejector_Board/EJECTORS_V022/FREQUENCY_GEN.vhd sub00/vhpl26 1395839680
AR wrapper_counter behavioral //smkn33/s10067/Projetos/VHDL/L8/Ejector_Board/EJECTORS_V022/WRAPPER_COUNTER.vhd sub00/vhpl45 1395839709
EN wrapper_valve_fail NULL //smkn33/s10067/Projetos/VHDL/L8/Ejector_Board/EJECTORS_V022/WRAPPER_VALVE_FAIL.vhd sub00/vhpl08 1395839698
AR deserializer behavioral //smkn33/s10067/Projetos/VHDL/L8/Ejector_Board/EJECTORS_V022/DESERIALIZER.vhd sub00/vhpl37 1395839707
AR mem_32x16 mem_32x16_a D:/Projetos/VHDL/L8/Ejector_Board/EJECTORS_V016/ipcore_dir/MEM_32x16.vhd sub00/vhpl01 1351012315
AR wrapper_valve_fail behavioral //smkn33/s10067/Projetos/VHDL/L8/Ejector_Board/EJECTORS_V022/WRAPPER_VALVE_FAIL.vhd sub00/vhpl09 1395839699
EN count_chopper NULL //smkn33/s10067/Projetos/VHDL/L8/Ejector_Board/EJECTORS_V022/COUNT_CHOPPER.vhd sub00/vhpl40 1395839672
EN count_mem_control NULL //smkn33/s10067/Projetos/VHDL/L8/Ejector_Board/EJECTORS_V022/COUNT_MEM_CONTROL.vhd sub00/vhpl42 1395839674
AR frequency_gen behavioral //smkn33/s10067/Projetos/VHDL/L8/Ejector_Board/EJECTORS_V022/FREQUENCY_GEN.vhd sub00/vhpl27 1395839681
EN serial_rx NULL //smkn33/s10067/Projetos/VHDL/L8/Ejector_Board/EJECTORS_V022/SERIAL_RX.vhd sub00/vhpl22 1395839676
EN fail_mem_control NULL //smkn33/s10067/Projetos/VHDL/L8/Ejector_Board/EJECTORS_V022/FAIL_MEM_CONTROL.vhd sub00/vhpl04 1395839694
EN int_tune_player NULL //smkn33/s10067/Projetos/VHDL/L8/Ejector_Board/EJECTORS_V022/INT_TUNE_PLAYER.vhd sub00/vhpl32 1395839686
AR tune_control behavioral //smkn33/s10067/Projetos/VHDL/L8/Ejector_Board/EJECTORS_V022/TUNE_CONTROL.vhd sub00/vhpl29 1395839683
EN serial_tx NULL //smkn33/s10067/Projetos/VHDL/L8/Ejector_Board/EJECTORS_V022/SERIAL_TX.vhd sub00/vhpl14 1395839688
EN command_module NULL //smkn33/s10067/Projetos/VHDL/L8/Ejector_Board/EJECTORS_V022/COMMAND_MODULE.vhd sub00/vhpl24 1395839678
EN manual_tejet NULL //smkn33/s10067/Projetos/VHDL/L8/Ejector_Board/EJECTORS_V022/MANUAL_TEJET.vhd sub00/vhpl06 1395839696
EN tune_mem_control NULL //smkn33/s10067/Projetos/VHDL/L8/Ejector_Board/EJECTORS_V022/TUNE_MEM_CONTROL.vhd sub00/vhpl30 1395839684
EN main_vhdl NULL //smkn33/s10067/Projetos/VHDL/L8/Ejector_Board/EJECTORS_V022/MAIN_VHDL.vhd sub00/vhpl10 1395839710
AR valve_fail behavioral //smkn33/s10067/Projetos/VHDL/L8/Ejector_Board/EJECTORS_V022/VALVE_FAIL.vhd sub00/vhpl03 1395839693
AR int_tune_player behavioral //smkn33/s10067/Projetos/VHDL/L8/Ejector_Board/EJECTORS_V022/INT_TUNE_PLAYER.vhd sub00/vhpl33 1395839687
EN tune_control NULL //smkn33/s10067/Projetos/VHDL/L8/Ejector_Board/EJECTORS_V022/TUNE_CONTROL.vhd sub00/vhpl28 1395839682
EN mem_32x16 NULL D:/Projetos/VHDL/L8/Ejector_Board/EJECTORS_V016/ipcore_dir/MEM_32x16.vhd sub00/vhpl00 1351012314
EN mem_32x32 NULL //smkn33/s10067/Projetos/VHDL/L8/Ejector_Board/EJECTORS_V022/ipcore_dir/MEM_32x32.vhd sub00/vhpl38 1395839668
EN mem_512x64 NULL //smkn33/s10067/Projetos/VHDL/L8/Ejector_Board/EJECTORS_V022/ipcore_dir/MEM_512x64.vhd sub00/vhpl20 1395839670
AR count_mem_control behavioral //smkn33/s10067/Projetos/VHDL/L8/Ejector_Board/EJECTORS_V022/COUNT_MEM_CONTROL.vhd sub00/vhpl43 1395839675
AR mem_512x64 mem_512x64_a //smkn33/s10067/Projetos/VHDL/L8/Ejector_Board/EJECTORS_V022/ipcore_dir/MEM_512x64.vhd sub00/vhpl21 1395839671
AR serial_tx behavioral //smkn33/s10067/Projetos/VHDL/L8/Ejector_Board/EJECTORS_V022/SERIAL_TX.vhd sub00/vhpl15 1395839689
AR command_module behavioral //smkn33/s10067/Projetos/VHDL/L8/Ejector_Board/EJECTORS_V022/COMMAND_MODULE.vhd sub00/vhpl25 1395839679
AR led_encoder behavioral //smkn33/s10067/Projetos/VHDL/L8/Ejector_Board/EJECTORS_V022/LED_ENCODER.vhd sub00/vhpl13 1395839701
EN tune_player NULL //smkn33/s10067/Projetos/VHDL/L8/Ejector_Board/EJECTORS_V022/TUNE_PLAYER.vhd sub00/vhpl34 1395839704
EN send_serial_data NULL //smkn33/s10067/Projetos/VHDL/L8/Ejector_Board/EJECTORS_V022/SEND_SERIAL_DATA.vhd sub00/vhpl16 1395839690
AR main_vhdl behavioral //smkn33/s10067/Projetos/VHDL/L8/Ejector_Board/EJECTORS_V022/MAIN_VHDL.vhd sub00/vhpl11 1395839711
EN valve_fail NULL //smkn33/s10067/Projetos/VHDL/L8/Ejector_Board/EJECTORS_V022/VALVE_FAIL.vhd sub00/vhpl02 1395839692
AR status_sender behavioral //smkn33/s10067/Projetos/VHDL/L8/Ejector_Board/EJECTORS_V022/STATUS_SEND_TEST.vhd sub00/vhpl19 1395839703
EN status_sender NULL //smkn33/s10067/Projetos/VHDL/L8/Ejector_Board/EJECTORS_V022/STATUS_SEND_TEST.vhd sub00/vhpl18 1395839702
AR count_chopper behavioral //smkn33/s10067/Projetos/VHDL/L8/Ejector_Board/EJECTORS_V022/COUNT_CHOPPER.vhd sub00/vhpl41 1395839673
EN wrapper_counter NULL //smkn33/s10067/Projetos/VHDL/L8/Ejector_Board/EJECTORS_V022/WRAPPER_COUNTER.vhd sub00/vhpl44 1395839708
AR tune_player behavioral //smkn33/s10067/Projetos/VHDL/L8/Ejector_Board/EJECTORS_V022/TUNE_PLAYER.vhd sub00/vhpl35 1395839705
EN deserializer NULL //smkn33/s10067/Projetos/VHDL/L8/Ejector_Board/EJECTORS_V022/DESERIALIZER.vhd sub00/vhpl36 1395839706
AR send_serial_data behavioral //smkn33/s10067/Projetos/VHDL/L8/Ejector_Board/EJECTORS_V022/SEND_SERIAL_DATA.vhd sub00/vhpl17 1395839691
AR manual_tejet behavioral //smkn33/s10067/Projetos/VHDL/L8/Ejector_Board/EJECTORS_V022/MANUAL_TEJET.vhd sub00/vhpl07 1395839697
AR serial_rx behavioral //smkn33/s10067/Projetos/VHDL/L8/Ejector_Board/EJECTORS_V022/SERIAL_RX.vhd sub00/vhpl23 1395839677
AR mem_32x32 mem_32x32_a //smkn33/s10067/Projetos/VHDL/L8/Ejector_Board/EJECTORS_V022/ipcore_dir/MEM_32x32.vhd sub00/vhpl39 1395839669
EN led_encoder NULL //smkn33/s10067/Projetos/VHDL/L8/Ejector_Board/EJECTORS_V022/LED_ENCODER.vhd sub00/vhpl12 1395839700
